Ejercicio 0
1- Deberán mostrar por consola los siguientes datos:
a) Mostrar el día de tu cumpleaños (en numero) Ej: 23
b) Mostrar el mes de tu cumpleaños (en numero) Ej: 07
c) Mostrar el año de tu nacimiento.
d) Mostrar tu número favorito.
Ejercicio 1
Escribe un programa que le pida al usuario ingresar una frase y la imprima en la consola.
Recuerda que para pedirle al usuario que escriba una frase debes utilizar el método prompt() y
para escribir en la consola debes utilizar el método console.log().
Ejercicio 2
Escribe un programa que le pregunte al usuario su nombre e imprima "Hola " seguido del
nombre y un signo de exclamación.
Ejercicio 3
Escribe un programa que le pida al usuario su nombre y apellido y lo imprima por consola
Ejercicio 4
Escribe un programa que le pida al usuario su año de nacimiento e imprima su edad actual en
la consola con la frase "Tienes X años".
Ejercicio 5
El índice de masa corporal (IMC), o BMI por sus siglas en inglés, es un valor que determina la
cantidad de grasa de una persona.
El BMI se calcula con la siguiente formula:
peso / altura^2
Escribe un programa que le pida al usuario su peso y su altura para calcular su BMI e imprima
la frase "Tu BMI es X".
Ejercicio 6
Declarar una variable de nombre cantidadDeVentanasEnMiCasa y asignarle la
cantidad de ventanas que hay en tu casa. Mostrar el valor de la variable por la
consola.
Ejercicio 7
Declarar una variable de nombre soyHumano y asignarle el
valor true (verdadero). Mostrar el valor de la variable por la consola.
Ejercicio 8
Declarar una variable de nombre miGustoDePizzaPreferido y asignarle la
variedad de pizza que más te guste usando un String (cadena de caracteres).
Mostrar el valor de la variable por la consola.
Ejercicio 9
Mostrar por la consola los siguientes valores false, 'Hola', 0 y 'Minions' usando
la misma variable.

// Primeros comandos para poder realizar el proceso de carga al repositorio local
Alberto@LAPTOP-NA812GF9 MINGW64 ~
$ pwd
/c/Users/Alberto

Alberto@LAPTOP-NA812GF9 MINGW64 ~
$ cd Desktop

Alberto@LAPTOP-NA812GF9 MINGW64 ~/Desktop
$ cd Javascript/

Alberto@LAPTOP-NA812GF9 MINGW64 ~/Desktop/Javascript
$ ls
index.html  script.js

Alberto@LAPTOP-NA812GF9 MINGW64 ~/Desktop/Javascript
$ ls -la
total 40
drwxr-xr-x 1 Alberto 197121   0 Jul 30 17:40 ./
drwxr-xr-x 1 Alberto 197121   0 Jul 30 10:16 ../
-rw-r--r-- 1 Alberto 197121 833 Jul 30 18:21 index.html
-rw-r--r-- 1 Alberto 197121 844 Jul 30 18:19 script.js

Alberto@LAPTOP-NA812GF9 MINGW64 ~/Desktop/Javascript
$ ls -lh
total 8.0K
-rw-r--r-- 1 Alberto 197121 833 Jul 30 18:21 index.html
-rw-r--r-- 1 Alberto 197121 844 Jul 30 18:19 script.js

Alberto@LAPTOP-NA812GF9 MINGW64 ~/Desktop/Javascript
$ mkdir cursojs

Alberto@LAPTOP-NA812GF9 MINGW64 ~/Desktop/Javascript
$ ls -lh
total 8.0K
drwxr-xr-x 1 Alberto 197121   0 Jul 30 18:28 cursojs/
-rw-r--r-- 1 Alberto 197121 833 Jul 30 18:21 index.html
-rw-r--r-- 1 Alberto 197121 844 Jul 30 18:19 script.js

Alberto@LAPTOP-NA812GF9 MINGW64 ~/Desktop/Javascript
$ ls
cursojs/  index.html  script.js

Alberto@LAPTOP-NA812GF9 MINGW64 ~/Desktop/Javascript
$ cd cursojs/

Alberto@LAPTOP-NA812GF9 MINGW64 ~/Desktop/Javascript/cursojs
$ git init
Initialized empty Git repository in C:/Users/Alberto/Desktop/Javascript/cursojs/.git/

Alberto@LAPTOP-NA812GF9 MINGW64 ~/Desktop/Javascript/cursojs (master)
$ touch tareaEjercicio0.txt

Alberto@LAPTOP-NA812GF9 MINGW64 ~/Desktop/Javascript/cursojs (master)
$ git status
On branch master

No commits yet

Untracked files:
  (use "git add <file>..." to include in what will be committed)
        tareaEjercicio0.txt

nothing added to commit but untracked files present (use "git add" to track)

Alberto@LAPTOP-NA812GF9 MINGW64 ~/Desktop/Javascript/cursojs (master)
$ ls
tareaEjercicio0.txt

Alberto@LAPTOP-NA812GF9 MINGW64 ~/Desktop/Javascript/cursojs (master)
$ git add tareaEjercicio0.txt

Alberto@LAPTOP-NA812GF9 MINGW64 ~/Desktop/Javascript/cursojs (master)
$  git status
On branch master

No commits yet

Changes to be committed:
  (use "git rm --cached <file>..." to unstage)
        new file:   tareaEjercicio0.txt


Alberto@LAPTOP-NA812GF9 MINGW64 ~/Desktop/Javascript/cursojs (master)
$  git commit -m "voy a subir los ejercicios de JS"
[master (root-commit) b6de954] voy a subir los ejercicios de JS
 1 file changed, 0 insertions(+), 0 deletions(-)
 create mode 100644 tareaEjercicio0.txt

Alberto@LAPTOP-NA812GF9 MINGW64 ~/Desktop/Javascript/cursojs (master)
$ git status
On branch master
nothing to commit, working tree clean

Alberto@LAPTOP-NA812GF9 MINGW64 ~/Desktop/Javascript/cursojs (master)
$ git log
commit b6de954698d0d97522e497cbb2d48c82dfe93f65 (HEAD -> master)
Author: albertobardalez <albertbardalez@gmail.com>
Date:   Fri Jul 30 18:37:02 2021 -0300

    voy a subir los ejercicios de JS

Alberto@LAPTOP-NA812GF9 MINGW64 ~/Desktop/Javascript/cursojs (master)
$ git status
On branch master
Changes not staged for commit:
  (use "git add <file>..." to update what will be committed)
  (use "git restore <file>..." to discard changes in working directory)
        modified:   tareaEjercicio0.txt

no changes added to commit (use "git add" and/or "git commit -a")

Alberto@LAPTOP-NA812GF9 MINGW64 ~/Desktop/Javascript/cursojs (master)
$ git add tareaEjercicio0.txt

Alberto@LAPTOP-NA812GF9 MINGW64 ~/Desktop/Javascript/cursojs (master)
$

Alberto@LAPTOP-NA812GF9 MINGW64 ~/Desktop/Javascript/cursojs (master)
$ git status
On branch master
Changes to be committed:
  (use "git restore --staged <file>..." to unstage)
        modified:   tareaEjercicio0.txt


Alberto@LAPTOP-NA812GF9 MINGW64 ~/Desktop/Javascript/cursojs (master)
$ git commit -m "cargue los enunciados del ejercicio 0"
[master 4a5393b] cargue los enunciados del ejercicio 0
 1 file changed, 39 insertions(+)

Alberto@LAPTOP-NA812GF9 MINGW64 ~/Desktop/Javascript/cursojs (master)
$ git log
commit 4a5393be64dc8e35c862282f52f92eb96468a35c (HEAD -> master)
Author: albertobardalez <albertbardalez@gmail.com>
Date:   Fri Jul 30 18:43:07 2021 -0300

    cargue los enunciados del ejercicio 0

commit b6de954698d0d97522e497cbb2d48c82dfe93f65
Author: albertobardalez <albertbardalez@gmail.com>
Date:   Fri Jul 30 18:37:02 2021 -0300

    voy a subir los ejercicios de JS

Alberto@LAPTOP-NA812GF9 MINGW64 ~/Desktop/Javascript/cursojs (master)
$ git status
On branch master
nothing to commit, working tree clean

Alberto@LAPTOP-NA812GF9 MINGW64 ~/Desktop/Javascript/cursojs (master)
$ git add tareaEjercicio0.txt
// A partir de esta linea copio los comandos necesarios para poder subir del repositorio local a git.
Alberto@LAPTOP-NA812GF9 MINGW64 ~/Desktop/Javascript/cursojs (master)
$ git remote add origin https://github.com/albertobardalez/cusroJavaScript2021.git

Alberto@LAPTOP-NA812GF9 MINGW64 ~/Desktop/Javascript/cursojs (master)
$ git remote -v
origin  https://github.com/albertobardalez/cusroJavaScript2021.git (fetch)
origin  https://github.com/albertobardalez/cusroJavaScript2021.git (push)

Alberto@LAPTOP-NA812GF9 MINGW64 ~/Desktop/Javascript/cursojs (master)
$ git push origin master
Enumerating objects: 9, done.
Counting objects: 100% (9/9), done.
Delta compression using up to 4 threads
Compressing objects: 100% (5/5), done.
Writing objects: 100% (9/9), 2.36 KiB | 150.00 KiB/s, done.
Total 9 (delta 1), reused 0 (delta 0), pack-reused 0
remote: Resolving deltas: 100% (1/1), done.
To https://github.com/albertobardalez/cusroJavaScript2021.git
 * [new branch]      master -> master

Alberto@LAPTOP-NA812GF9 MINGW64 ~/Desktop/Javascript/cursojs (master)
$
